// Jest Snapshot v1, https://goo.gl/fbAQLP

exports[`Render ButtonGroupFilter as expected 1`] = `
<div
  className="text-start mb-3"
>
  <div
    className="btn-group-sm btn-group"
    role="group"
  >
    <button
      aria-label={null}
      className="no-higlight-focus btn btn-light"
      onClick={[Function]}
      type="button"
    >
      Å umadija
    </button>
    <button
      aria-label={null}
      className="no-higlight-focus btn btn-light"
      onClick={[Function]}
      type="button"
    >
      Banat
    </button>
    <button
      aria-label={null}
      className="no-higlight-focus btn btn-light"
      onClick={[Function]}
      type="button"
    >
      Srem
    </button>
  </div>
</div>
`;
