// Jest Snapshot v1, https://goo.gl/fbAQLP

exports[`Render TextFilter as expected 1`] = `
<div
  className="mb-2"
>
  <div
    className="input-group input-group-sm"
  >
    <div
      className="input-group-prepend"
    >
      <div
        className="btn-group"
        onKeyDown={[Function]}
      >
        <button
          aria-expanded={false}
          aria-haspopup={true}
          aria-label={null}
          className="p-0 m-0 rounded-left text-muted z-index-auto btn btn-secondary"
          data-testid="C2_Test-oprs-menu-btn"
          onClick={[Function]}
          type="button"
        >
          <svg
            aria-hidden="true"
            className="svg-inline--fa fa-caret-down fa-w-10 mx-1 text-light"
            data-icon="caret-down"
            data-prefix="fas"
            focusable="false"
            role="img"
            style={Object {}}
            viewBox="0 0 320 512"
            xmlns="http://www.w3.org/2000/svg"
          >
            <path
              d="M31.3 192h257.3c17.8 0 26.7 21.5 14.1 34.1L174.1 354.8c-7.8 7.8-20.5 7.8-28.3 0L17.2 226.1C4.6 213.5 13.5 192 31.3 192z"
              fill="currentColor"
              style={Object {}}
            />
          </svg>
        </button>
        <div
          aria-hidden={true}
          className="dropdown-menu"
          role="menu"
          tabIndex="-1"
        >
          <button
            className="dropdown-item active"
            onClick={[Function]}
            role="menuitem"
            tabIndex="0"
            type="button"
          >
            Contains
          </button>
          <button
            className="dropdown-item"
            onClick={[Function]}
            role="menuitem"
            tabIndex="0"
            type="button"
          >
            Does not contain
          </button>
          <button
            className="dropdown-item"
            onClick={[Function]}
            role="menuitem"
            tabIndex="0"
            type="button"
          >
            Starts with
          </button>
          <button
            className="dropdown-item"
            onClick={[Function]}
            role="menuitem"
            tabIndex="0"
            type="button"
          >
            Ends with
          </button>
          <button
            className="dropdown-item"
            onClick={[Function]}
            role="menuitem"
            tabIndex="0"
            type="button"
          >
            Equal
          </button>
          <button
            className="dropdown-item"
            onClick={[Function]}
            role="menuitem"
            tabIndex="0"
            type="button"
          >
            Not equal
          </button>
        </div>
      </div>
    </div>
    <div
      className="input-group-prepend"
    >
      <span
        className="text-muted input-group-text"
      >
        <svg
          aria-hidden="true"
          className="svg-inline--fa fa-comment-dots fa-w-16 "
          data-icon="comment-dots"
          data-prefix="fas"
          focusable="false"
          role="img"
          style={
            Object {
              "fontSize": ".9em",
            }
          }
          viewBox="0 0 512 512"
          xmlns="http://www.w3.org/2000/svg"
        >
          <path
            d="M256 32C114.6 32 0 125.1 0 240c0 49.6 21.4 95 57 130.7C44.5 421.1 2.7 466 2.2 466.5c-2.2 2.3-2.8 5.7-1.5 8.7S4.8 480 8 480c66.3 0 116-31.8 140.6-51.4 32.7 12.3 69 19.4 107.4 19.4 141.4 0 256-93.1 256-208S397.4 32 256 32zM128 272c-17.7 0-32-14.3-32-32s14.3-32 32-32 32 14.3 32 32-14.3 32-32 32zm128 0c-17.7 0-32-14.3-32-32s14.3-32 32-32 32 14.3 32 32-14.3 32-32 32zm128 0c-17.7 0-32-14.3-32-32s14.3-32 32-32 32 14.3 32 32-14.3 32-32 32z"
            fill="currentColor"
            style={Object {}}
          />
        </svg>
      </span>
    </div>
    <input
      className="form-control-sm form-control"
      id="UserName-id-dbf"
      name="UserName"
      onChange={[Function]}
      placeholder="Search for user.."
      role="textbox"
      style={
        Object {
          "fontSize": undefined,
        }
      }
      type="text"
      value=""
    />
  </div>
</div>
`;
